
Lasya_Paida@DESKTOP-HSDAP3O MINGW64 ~/Desktop/sample (master)
$ git commit -m "file1 created"
On branch master

Initial commit

Untracked files:
  (use "git add <file>..." to include in what will be committed)
        file1.txt

nothing added to commit but untracked files present (use "git add" to track)

Lasya_Paida@DESKTOP-HSDAP3O MINGW64 ~/Desktop/sample (master)
$ git status
On branch master

No commits yet

Untracked files:
  (use "git add <file>..." to include in what will be committed)
        file1.txt

nothing added to commit but untracked files present (use "git add" to track)

Lasya_Paida@DESKTOP-HSDAP3O MINGW64 ~/Desktop/sample (master)
$ git add file1.txt

Lasya_Paida@DESKTOP-HSDAP3O MINGW64 ~/Desktop/sample (master)
$ git status
On branch master

No commits yet

Changes to be committed:
  (use "git rm --cached <file>..." to unstage)
        new file:   file1.txt


Lasya_Paida@DESKTOP-HSDAP3O MINGW64 ~/Desktop/sample (master)
$ git commit -m "file1 created"
[master (root-commit) b4ecfed] file1 created
 1 file changed, 0 insertions(+), 0 deletions(-)
 create mode 100644 file1.txt

Lasya_Paida@DESKTOP-HSDAP3O MINGW64 ~/Desktop/sample (master)
$ git status
On branch master
nothing to commit, working tree clean

Lasya_Paida@DESKTOP-HSDAP3O MINGW64 ~/Desktop/sample (master)
$ git status
On branch master
Changes not staged for commit:
  (use "git add <file>..." to update what will be committed)
  (use "git restore <file>..." to discard changes in working directory)
        modified:   file1.txt

no changes added to commit (use "git add" and/or "git commit -a")

Lasya_Paida@DESKTOP-HSDAP3O MINGW64 ~/Desktop/sample (master)
$ git add file1.txt

Lasya_Paida@DESKTOP-HSDAP3O MINGW64 ~/Desktop/sample (master)
$ git status
On branch master
Changes to be committed:
  (use "git restore --staged <file>..." to unstage)
        modified:   file1.txt


Lasya_Paida@DESKTOP-HSDAP3O MINGW64 ~/Desktop/sample (master)
$ git commit -m "file1 has updated"
[master cca7c57] file1 has updated
 1 file changed, 4 insertions(+)

Lasya_Paida@DESKTOP-HSDAP3O MINGW64 ~/Desktop/sample (master)
$ touch file2.txt index.html

Lasya_Paida@DESKTOP-HSDAP3O MINGW64 ~/Desktop/sample (master)
$ ls
file1.txt  file2.txt  index.html

Lasya_Paida@DESKTOP-HSDAP3O MINGW64 ~/Desktop/sample (master)
$ git status
On branch master
Untracked files:
  (use "git add <file>..." to include in what will be committed)
        file2.txt
        index.html

nothing added to commit but untracked files present (use "git add" to track)

Lasya_Paida@DESKTOP-HSDAP3O MINGW64 ~/Desktop/sample (master)
$ touch contact.html file3.txt file4.txt

Lasya_Paida@DESKTOP-HSDAP3O MINGW64 ~/Desktop/sample (master)
$ ls
contact.html  file1.txt  file2.txt  file3.txt  file4.txt  index.html

Lasya_Paida@DESKTOP-HSDAP3O MINGW64 ~/Desktop/sample (master)
$ git status
On branch master
Untracked files:
  (use "git add <file>..." to include in what will be committed)
        contact.html
        file2.txt
        file3.txt
        file4.txt
        index.html

nothing added to commit but untracked files present (use "git add" to track)

Lasya_Paida@DESKTOP-HSDAP3O MINGW64 ~/Desktop/sample (master)
$ git add .

Lasya_Paida@DESKTOP-HSDAP3O MINGW64 ~/Desktop/sample (master)
$ git status
On branch master
Changes to be committed:
  (use "git restore --staged <file>..." to unstage)
        new file:   contact.html
        new file:   file2.txt
        new file:   file3.txt
        new file:   file4.txt
        new file:   index.html


Lasya_Paida@DESKTOP-HSDAP3O MINGW64 ~/Desktop/sample (master)
$ git rm --cached index.html
rm 'index.html'

Lasya_Paida@DESKTOP-HSDAP3O MINGW64 ~/Desktop/sample (master)
$ git status
On branch master
Changes to be committed:
  (use "git restore --staged <file>..." to unstage)
        new file:   contact.html
        new file:   file2.txt
        new file:   file3.txt
        new file:   file4.txt

Untracked files:
  (use "git add <file>..." to include in what will be committed)
        index.html


Lasya_Paida@DESKTOP-HSDAP3O MINGW64 ~/Desktop/sample (master)
$ git commit -m "4 files added"
[master ffe26fb] 4 files added
 4 files changed, 0 insertions(+), 0 deletions(-)
 create mode 100644 contact.html
 create mode 100644 file2.txt
 create mode 100644 file3.txt
 create mode 100644 file4.txt

Lasya_Paida@DESKTOP-HSDAP3O MINGW64 ~/Desktop/sample (master)
$ git log
commit ffe26fb29c3a2a28190d7036c885fa07545d7e81 (HEAD -> master)
Author: Lasya-Paida <lasya.paida@gmail.com>
Date:   Mon Jan 25 15:22:46 2021 +0530

    4 files added

commit cca7c577094e845a828b2f38812718714df8a155
Author: Lasya-Paida <lasya.paida@gmail.com>
Date:   Mon Jan 25 15:14:17 2021 +0530

    file1 has updated

commit b4ecfed512cbe8e32c31377c26aa6f62184e6f72
Author: Lasya-Paida <lasya.paida@gmail.com>
Date:   Mon Jan 25 15:12:04 2021 +0530

    file1 created

Lasya_Paida@DESKTOP-HSDAP3O MINGW64 ~/Desktop/sample (master)
$ git log --oneline
ffe26fb (HEAD -> master) 4 files added
cca7c57 file1 has updated
b4ecfed file1 created

Lasya_Paida@DESKTOP-HSDAP3O MINGW64 ~/Desktop/sample (master)
$ git log --oneline -n 2
ffe26fb (HEAD -> master) 4 files added
cca7c57 file1 has updated

Lasya_Paida@DESKTOP-HSDAP3O MINGW64 ~/Desktop/sample (master)
$ git log -n 2
commit ffe26fb29c3a2a28190d7036c885fa07545d7e81 (HEAD -> master)
Author: Lasya-Paida <lasya.paida@gmail.com>
Date:   Mon Jan 25 15:22:46 2021 +0530

    4 files added

commit cca7c577094e845a828b2f38812718714df8a155
Author: Lasya-Paida <lasya.paida@gmail.com>
Date:   Mon Jan 25 15:14:17 2021 +0530

    file1 has updated

Lasya_Paida@DESKTOP-HSDAP3O MINGW64 ~/Desktop/sample (master)
$ git commit --amend -m 2
[master 3bb2e4a] 2
 Date: Mon Jan 25 15:22:46 2021 +0530
 4 files changed, 0 insertions(+), 0 deletions(-)
 create mode 100644 contact.html
 create mode 100644 file2.txt
 create mode 100644 file3.txt
 create mode 100644 file4.txt

Lasya_Paida@DESKTOP-HSDAP3O MINGW64 ~/Desktop/sample (master)
$ git log -n 2
commit 3bb2e4a71a835ecfaa2b8d8094133f632ac9068f (HEAD -> master)
Author: Lasya-Paida <lasya.paida@gmail.com>
Date:   Mon Jan 25 15:22:46 2021 +0530

    2

commit cca7c577094e845a828b2f38812718714df8a155
Author: Lasya-Paida <lasya.paida@gmail.com>
Date:   Mon Jan 25 15:14:17 2021 +0530

    file1 has updated

Lasya_Paida@DESKTOP-HSDAP3O MINGW64 ~/Desktop/sample (master)
$ git commit --amend -m 4 files uploaded
error: pathspec 'files' did not match any file(s) known to git
error: pathspec 'uploaded' did not match any file(s) known to git

Lasya_Paida@DESKTOP-HSDAP3O MINGW64 ~/Desktop/sample (master)
$ git log -n 2
commit 3bb2e4a71a835ecfaa2b8d8094133f632ac9068f (HEAD -> master)
Author: Lasya-Paida <lasya.paida@gmail.com>
Date:   Mon Jan 25 15:22:46 2021 +0530

    2

commit cca7c577094e845a828b2f38812718714df8a155
Author: Lasya-Paida <lasya.paida@gmail.com>
Date:   Mon Jan 25 15:14:17 2021 +0530

    file1 has updated

Lasya_Paida@DESKTOP-HSDAP3O MINGW64 ~/Desktop/sample (master)
$ git log --oneline
3bb2e4a (HEAD -> master) 2
cca7c57 file1 has updated
b4ecfed file1 created

Lasya_Paida@DESKTOP-HSDAP3O MINGW64 ~/Desktop/sample (master)
$ ^C

Lasya_Paida@DESKTOP-HSDAP3O MINGW64 ~/Desktop/sample (master)
$
